// Jest Snapshot v1, https://goo.gl/fbAQLP

exports[`Should render the Dashboard page 1`] = `
<div>
  <div
    class="layout"
  >
    <nav
      class="nav-bar"
    >
      <div>
        <a
          href="/dashboard"
        >
          <img
            alt="logo"
            class="logo"
            src="logo.png"
          />
        </a>
        <a
          class="navbar-link"
          href="/swing-game"
        >
          Swing Game
        </a>
        <a
          class="navbar-link"
          href="/dashboard"
        >
          Dashboard
        </a>
        <a
          class="navbar-link"
          href="/stats-page"
        >
          Stats
        </a>
        <h2>
          Barry
        </h2>
      </div>
      <button
        class="button button--secondary"
      >
        Logout
      </button>
    </nav>
    <main
      class="layout__main"
    >
      <div
        class="dashboard"
      >
        <div
          class="dashboard__heading"
        >
          <h1>
            DASHBOARD
          </h1>
        </div>
        <div
          class="dashboard__contents"
        >
          <div>
            <img
              alt="Energy Level"
              src="Smiley.svg"
            />
            <div>
              <h2>
                Energy Level
              </h2>
              <p>
                This is OOM's current energy level. Take regular breaks from playing to allow OOM to recover.
              </p>
            </div>
          </div>
          <div>
            <img
              alt="Energy Level"
              src="Battery-20.svg"
            />
            <div>
              <h2>
                Energy Level
              </h2>
              <p>
                This is Oom's current energy level. Take regular breaks from playing to allow OOM to recover.
              </p>
            </div>
          </div>
          <div>
            <img
              alt="Fuel Level"
              src="Battery-20.svg"
            />
            <div>
              <h2>
                Fuel Level
              </h2>
              <p>
                Oom's spaceship lost all its fuel on its collision with earth. Re-fill this to a 100% to get oom safely back home!
              </p>
            </div>
          </div>
          <div>
            <img
              alt="Health Level"
              src="Heart.svg"
            />
            <div>
              <h2>
                Fuel Level
              </h2>
              <p>
                This is Oom's health status. Gain more health to make Oom land safely on Earth.
              </p>
            </div>
          </div>
        </div>
      </div>
    </main>
  </div>
</div>
`;
