// Jest Snapshot v1, https://goo.gl/fbAQLP

exports[`Should render the StoryContainer page 1`] = `
<div>
  <div
    class="layout"
  >
    <nav
      class="nav-bar"
    >
      <div
        class="nav-bar__section"
      >
        <a
          href="/dashboard"
        >
          <img
            alt="Logo image"
            class="logo__image"
            src="logo.png"
          />
        </a>
        <a
          href="/swing-game"
        >
          <div
            class="nav-bar-header"
          >
            <h2
              class="nav-bar-header__heading"
            >
              Swing Game
            </h2>
          </div>
        </a>
        <a
          href="/dashboard"
        >
          <div
            class="nav-bar-header"
          >
            <h2
              class="nav-bar-header__heading"
            >
              Dashboard
            </h2>
          </div>
        </a>
        <a
          href="/stats-page"
        >
          <div
            class="nav-bar-header"
          >
            <h2
              class="nav-bar-header__heading"
            >
              Stats
            </h2>
          </div>
        </a>
        <h2>
          Barry
        </h2>
      </div>
      <button
        class="button button--secondary"
      >
        Logout
      </button>
    </nav>
    <main
      class="layout__main"
    >
      <div
        class="story__container"
      >
        <div
          class="intro"
        >
          <p
            class="intro__paragraph"
          >
            Once upon a time, there was an Alien, whose name was Oom. Oom lived in Space, on planet XXXX.Oom was very excited because when aliens turn 5, they get to fly spaceships for the very first time. Can you see Oom waving? Say Hello to Oom!!
          </p>
        </div>
        <button
          class="button"
        >
          NEXT
        </button>
      </div>
    </main>
  </div>
</div>
`;
