// Jest Snapshot v1, https://goo.gl/fbAQLP

exports[`Should render the Stats page 1`] = `
<div>
  <div
    class="layout"
  >
    <nav
      class="nav-bar"
    >
      <div
        class="nav-bar__section"
      >
        <a
          href="/dashboard"
        >
          <img
            alt="Logo image"
            class="logo__image"
            src="logo.png"
          />
        </a>
        <a
          href="/swing-game"
        >
          <div
            class="nav-bar-header"
          >
            <h2
              class="nav-bar-header__heading"
            >
              Swing Game
            </h2>
          </div>
        </a>
        <a
          href="/dashboard"
        >
          <div
            class="nav-bar-header"
          >
            <h2
              class="nav-bar-header__heading"
            >
              Dashboard
            </h2>
          </div>
        </a>
        <a
          href="/stats-page"
        >
          <div
            class="nav-bar-header"
          >
            <h2
              class="nav-bar-header__heading"
            >
              Stats
            </h2>
          </div>
        </a>
        <h2 />
      </div>
      <button
        class="button-logout"
      >
        Logout
      </button>
    </nav>
    <main
      class="layout__main"
    >
      <section
        class="stats-page"
      >
        <div
          class="stats-page__top-line"
        >
          <div
            class="avatar-heading"
          >
            <h1
              class="dropdown-heading"
            >
              Stats for Jack
            </h1>
          </div>
          <div
            class="stats-page__buttons"
          >
            <span>
              Dropdown #1
            </span>
            <span>
              Dropdown #2
            </span>
          </div>
        </div>
        <div
          class="stats-page__container"
        >
          <div
            class="stats-page__score-graph"
          >
            <h2>
              Score Over Time
            </h2>
            <div
              role="graph"
            />
          </div>
          <div
            class="stats-page__correct-phonemes"
          >
            <h2>
              Correct Phonemes
            </h2>
            <ul>
              <li>
                SH
              </li>
              <li>
                EE
              </li>
              <li>
                P
              </li>
            </ul>
          </div>
        </div>
      </section>
    </main>
  </div>
</div>
`;
