// Jest Snapshot v1, https://goo.gl/fbAQLP

exports[`Should render the navbar header 1`] = `
<div>
  <div
    class="nav-bar-header-header"
  >
    <h2
      class="nav-bar-header-header__heading"
    >
      heading
    </h2>
    <img
      alt="heading"
      class="nav-bar-header-header__img"
      src="Vectorlock.png"
    />
  </div>
</div>
`;
