// Jest Snapshot v1, https://goo.gl/fbAQLP

exports[`Should render the navbar 1`] = `
<div>
  <nav
    class="nav-bar"
  >
    <div
      class="nav-bar__section"
    >
      <a
        href="/dashboard"
      >
        <img
          alt="Logo image"
          class="logo__image"
          src="logo.png"
        />
      </a>
      <a
        href="/swing-game"
      >
        <div
          class="nav-bar-header"
        >
          <h2
            class="nav-bar-header__heading"
          >
            Swing Game
          </h2>
        </div>
      </a>
      <a
        href="/dashboard"
      >
        <div
          class="nav-bar-header"
        >
          <h2
            class="nav-bar-header__heading"
          >
            Dashboard
          </h2>
        </div>
      </a>
      <a
        href="/stats-page"
      >
        <div
          class="nav-bar-header"
        >
          <h2
            class="nav-bar-header__heading"
          >
            Stats
          </h2>
        </div>
      </a>
      <h2 />
    </div>
    <button
      class="button button--secondary"
    >
      Logout
    </button>
  </nav>
</div>
`;
